--- RAW RESPONSE FROM GROQ ---
{
  "error": {
    "message": "Rate limit reached for model `llama-3.1-8b-instant` in organization `org_01kk1j1q65fxwagy2fscckmsem` service tier `on_demand` on tokens per day (TPD): Limit 500000, Used 499938, Requested 125. Please try again in 10.8864s. Need more tokens? Upgrade to Dev Tier today at https://console.groq.com/settings/billing",
    "type": "tokens",
    "code": "rate_limit_exceeded"
  }
}
